92.150.106.12 - x4Pea6xOPjQ68y1 [29/Apr/2023:05:07:45 -0400] "POST https://nouveau.europresse.com:443/Pdf/ImageBytes?imageIndex=0&id=pdf%C2%B720230429%C2%B7NIC_P%C2%B719&cache=1682759263933 HTTP/1.1" 200 1399355
92.150.106.12 - x4Pea6xOPjQ68y1 [29/Apr/2023:05:07:52 -0400] "GET https://nouveau.europresse.com:443/Pdf/ImageList?docName=pdf%C2%B720230429%C2%B7NIC_P%C2%B720 HTTP/1.1" 200 1242
92.150.106.12 - x4Pea6xOPjQ68y1 [29/Apr/2023:05:07:54 -0400] "POST https://nouveau.europresse.com:443/Pdf/ImageBytes?imageIndex=0&id=pdf%C2%B720230429%C2%B7NIC_P%C2%B720&cache=1682759273560 HTTP/1.1" 200 1399355
37.167.35.88 - mFctjL3Z6wPpsrn [29/Apr/2023:05:08:09 -0400] "GET https://www.dalloz.fr:443/api/session/tick?_=1682759288882 HTTP/1.1" 200 0
90.73.144.164 - NYa6BAYw8I3ICFL [29/Apr/2023:05:08:10 -0400] "POST https://www.dalloz.fr:443/api/statistics/user-event-track HTTP/1.1" 200 0
90.73.144.164 - NYa6BAYw8I3ICFL [29/Apr/2023:05:08:10 -0400] "GET https://www.dalloz.fr:443/api/book/DAFAMILLE/toc/Summary/hierarchy?sgmlId=DZ%2FACTION%2FFAMILLE%2F2022%2FPARA%2F136.254 HTTP/1.1" 200 380
86.229.35.38 - EMH4zMWRQuWw7A7 [29/Apr/2023:05:08:22 -0400] "GET https://www.dalloz.fr:443/api/session/tick?_=1682759301994 HTTP/1.1" 200 0
37.167.35.88 - mFctjL3Z6wPpsrn [29/Apr/2023:05:08:38 -0400] "GET https://www.dalloz-bibliotheque.fr:443/x_library.php?cmd=addtolastread&docid=111574 HTTP/1.1" 200 0
37.167.35.88 - mFctjL3Z6wPpsrn [29/Apr/2023:05:08:38 -0400] "GET https://www.dalloz-bibliotheque.fr:443/pvurl.php?r=https%3A%2F%2Fdallozbndpro-pvgpsla.dalloz-bibliotheque.fr%2Ffr%2Fpvpage2.asp%3Fpuc%3D4898%26nu%3D16%26selfsize%3D1 HTTP/1.1" 302 818
37.167.35.88 - mFctjL3Z6wPpsrn [29/Apr/2023:05:08:39 -0400] "GET https://dallozbndpro-pvgpsla.dalloz-bibliotheque.fr:443/fr/pvpage2.asp?puc=4898&nu=16&selfsize=1&tmpid=9b43b2e2c666355c63a743740c47d77b&atype=corp HTTP/1.1" 302 681
37.167.35.88 - mFctjL3Z6wPpsrn [29/Apr/2023:05:08:40 -0400] "GET https://dallozbndpro-pvgpsla6.dalloz-bibliotheque.fr:443/fr/pvpage2.asp?puc=4898&nu=16&selfsize=1&tmpid=9b43b2e2c666355c63a743740c47d77b&atype=corp HTTP/1.1" 302 670
37.167.35.88 - mFctjL3Z6wPpsrn [29/Apr/2023:05:08:40 -0400] "GET https://dallozbndpro-pvgpsla6.dalloz-bibliotheque.fr:443/fr/pvPageH5B.asp?puc=004898&nu=16&pa=1&tmpid=9b43b2e2c666355c63a743740c47d77b HTTP/1.1" 200 91140
37.167.35.88 - mFctjL3Z6wPpsrn [29/Apr/2023:05:08:41 -0400] "GET https://dallozbndpro-pvgpsla6.dalloz-bibliotheque.fr:443/fr/skin/pvw/h5style_pv.css?bust=4.8.4.82 HTTP/1.1" 200 9959
37.167.35.88 - mFctjL3Z6wPpsrn [29/Apr/2023:05:08:41 -0400] "GET https://dallozbndpro-pvgpsla6.dalloz-bibliotheque.fr:443/fr/dhtml.js?bust=4.8.4.82 HTTP/1.1" 200 2205
37.167.35.88 - mFctjL3Z6wPpsrn [29/Apr/2023:05:08:41 -0400] "GET https://dallozbndpro-pvgpsla6.dalloz-bibliotheque.fr:443/fr/skin/dlz_v2/h5style.css?bust=4.8.4.82 HTTP/1.1" 200 1132
37.167.35.88 - mFctjL3Z6wPpsrn [29/Apr/2023:05:08:41 -0400] "GET https://dallozbndpro-pvgpsla6.dalloz-bibliotheque.fr:443/fr/skin/pvw/h5style.css?bust=4.8.4.82 HTTP/1.1" 200 127971
37.167.35.88 - mFctjL3Z6wPpsrn [29/Apr/2023:05:08:41 -0400] "GET https://dallozbndpro-pvgpsla6.dalloz-bibliotheque.fr:443/fr/jquery.min.js HTTP/1.1" 200 84594
37.167.35.88 - mFctjL3Z6wPpsrn [29/Apr/2023:05:08:41 -0400] "GET https://dallozbndpro-pvgpsla6.dalloz-bibliotheque.fr:443/fr/QueryRelay.js?bust=4.8.4.82 HTTP/1.1" 200 5156
37.167.35.88 - mFctjL3Z6wPpsrn [29/Apr/2023:05:08:41 -0400] "GET https://dallozbndpro-pvgpsla6.dalloz-bibliotheque.fr:443/fr/pvTools.js?bust=4.8.4.82 HTTP/1.1" 200 1765
37.167.35.88 - mFctjL3Z6wPpsrn [29/Apr/2023:05:08:41 -0400] "GET https://dallozbndpro-pvgpsla6.dalloz-bibliotheque.fr:443/fr/WidelookH5/WidelookH5B.js?bust=4.8.4.82 HTTP/1.1" 200 131121
37.167.35.88 - mFctjL3Z6wPpsrn [29/Apr/2023:05:08:42 -0400] "GET https://dallozbndpro-pvgpsla6.dalloz-bibliotheque.fr:443/fr/skin/pvw/ajax-loader.gif HTTP/1.1" 200 3452
37.167.35.88 - mFctjL3Z6wPpsrn [29/Apr/2023:05:08:42 -0400] "GET https://dallozbndpro-pvgpsla6.dalloz-bibliotheque.fr:443/favicon.ico HTTP/1.1" 404 1391
37.167.35.88 - mFctjL3Z6wPpsrn [29/Apr/2023:05:08:42 -0400] "GET https://dallozbndpro-pvgpsla6.dalloz-bibliotheque.fr:443/fr/theme/pvw/theme-templates.js?bust=4.8.4.82 HTTP/1.1" 200 43196
37.167.35.88 - mFctjL3Z6wPpsrn [29/Apr/2023:05:08:42 -0400] "GET https://dallozbndpro-pvgpsla6.dalloz-bibliotheque.fr:443/fr/pvTile.asp?zones=1&nonext=1&version=1&pub=004898&num=16&viewer=WH5&t=I_0_0_0_0&pag=1&wid= HTTP/1.1" 200 463
37.167.35.88 - mFctjL3Z6wPpsrn [29/Apr/2023:05:08:42 -0400] "GET https://dallozbndpro-pvgpsla6.dalloz-bibliotheque.fr:443/fr/pvTile.asp?zones=1&nonext=1&version=1&pub=004898&num=16&viewer=WH5&t=I_0_0_0_0&double=1&pag=2 HTTP/1.1" 200 464
37.167.35.88 - mFctjL3Z6wPpsrn [29/Apr/2023:05:08:42 -0400] "GET https://dallozbndpro-pvgpsla6.dalloz-bibliotheque.fr:443/fr/skin/pvw/openhand.cur HTTP/1.1" 200 617
37.167.35.88 - mFctjL3Z6wPpsrn [29/Apr/2023:05:08:42 -0400] "GET https://dallozbndpro-pvgpsla6.dalloz-bibliotheque.fr:443/fr/pvTile.asp?zones=1&nonext=1&version=1&pub=004898&num=16&viewer=WH5&t=0_0_0_0_1&pag=1 HTTP/1.1" 200 3151
37.167.35.88 - mFctjL3Z6wPpsrn [29/Apr/2023:05:08:42 -0400] "GET https://dallozbndpro-pvgpsla6.dalloz-bibliotheque.fr:443/fr/pvTile.asp?zones=1&nonext=1&version=1&pub=004898&num=16&viewer=WH5&t=L_0_0_0_0&pag=1 HTTP/1.1" 200 13995
37.167.35.88 - mFctjL3Z6wPpsrn [29/Apr/2023:05:08:42 -0400] "GET https://dallozbndpro-pvgpsla6.dalloz-bibliotheque.fr:443/fr/pvTile.asp?zones=1&nonext=1&version=1&pub=004898&num=16&viewer=WH5&t=0_0_0_0_0&pag=1 HTTP/1.1" 200 11801
37.167.35.88 - mFctjL3Z6wPpsrn [29/Apr/2023:05:08:43 -0400] "GET https://dallozbndpro-pvgpsla6.dalloz-bibliotheque.fr:443/fr/pvTile.asp?zones=1&nonext=1&version=1&pub=004898&num=16&viewer=WH5&t=0_0_0_1_0&pag=1 HTTP/1.1" 200 21116
37.167.35.88 - mFctjL3Z6wPpsrn [29/Apr/2023:05:08:43 -0400] "GET https://dallozbndpro-pvgpsla6.dalloz-bibliotheque.fr:443/fr/theme/pvw/theme-style.css?bust=4.8.4.82 HTTP/1.1" 200 356465
37.167.35.88 - mFctjL3Z6wPpsrn [29/Apr/2023:05:08:43 -0400] "GET https://dallozbndpro-pvgpsla6.dalloz-bibliotheque.fr:443/fr/pvTile.asp?zones=1&nonext=1&version=1&pub=004898&num=16&viewer=WH5&t=0_0_0_1_1&pag=1 HTTP/1.1" 200 16657
37.167.35.88 - mFctjL3Z6wPpsrn [29/Apr/2023:05:08:43 -0400] "GET https://dallozbndpro-pvgpsla6.dalloz-bibliotheque.fr:443/fr/pvTile.asp?zones=1&nonext=1&version=1&pub=004898&num=16&viewer=WH5&t=0_0_0_2_0&pag=1 HTTP/1.1" 200 10300
37.167.35.88 - mFctjL3Z6wPpsrn [29/Apr/2023:05:08:43 -0400] "GET https://dallozbndpro-pvgpsla6.dalloz-bibliotheque.fr:443/fr/pvTile.asp?zones=1&nonext=1&version=1&pub=004898&num=16&viewer=WH5&t=0_0_0_2_1&pag=1 HTTP/1.1" 200 11094
37.167.35.88 - mFctjL3Z6wPpsrn [29/Apr/2023:05:08:43 -0400] "GET https://dallozbndpro-pvgpsla6.dalloz-bibliotheque.fr:443/fr/pvTile.asp?zones=1&nonext=1&version=1&pub=004898&num=16&viewer=WH5&t=L_0_0_0_0&pag=2 HTTP/1.1" 200 7975
37.167.35.88 - mFctjL3Z6wPpsrn [29/Apr/2023:05:08:43 -0400] "GET https://dallozbndpro-pvgpsla6.dalloz-bibliotheque.fr:443/fr/pvTile.asp?zones=1&nonext=1&version=1&pub=004898&num=16&viewer=WH5&t=0_0_0_0_1&pag=2 HTTP/1.1" 200 2169
37.167.35.88 - mFctjL3Z6wPpsrn [29/Apr/2023:05:08:43 -0400] "GET https://dallozbndpro-pvgpsla6.dalloz-bibliotheque.fr:443/fr/pvTile.asp?zones=1&nonext=1&version=1&pub=004898&num=16&viewer=WH5&t=0_0_0_0_3&pag=2 HTTP/1.1" 200 7068
37.167.35.88 - mFctjL3Z6wPpsrn [29/Apr/2023:05:08:43 -0400] "GET https://dallozbndpro-pvgpsla6.dalloz-bibliotheque.fr:443/fr/pvTile.asp?zones=1&nonext=1&version=1&pub=004898&num=16&viewer=WH5&t=0_0_0_1_0&pag=2 HTTP/1.1" 200 2169
37.167.35.88 - mFctjL3Z6wPpsrn [29/Apr/2023:05:08:43 -0400] "GET https://dallozbndpro-pvgpsla6.dalloz-bibliotheque.fr:443/fr/pvTile.asp?zones=1&nonext=1&version=1&pub=004898&num=16&viewer=WH5&t=0_0_0_0_2&pag=2 HTTP/1.1" 200 15413
37.167.35.88 - mFctjL3Z6wPpsrn [29/Apr/2023:05:08:43 -0400] "GET https://dallozbndpro-pvgpsla6.dalloz-bibliotheque.fr:443/fr/pvTile.asp?zones=1&nonext=1&version=1&pub=004898&num=16&viewer=WH5&t=0_0_0_0_0&pag=2 HTTP/1.1" 200 2169
37.167.35.88 - mFctjL3Z6wPpsrn [29/Apr/2023:05:08:44 -0400] "GET https://dallozbndpro-pvgpsla6.dalloz-bibliotheque.fr:443/fr/pvXMLDoc.asp?publication=004898&issue=16&version=1&mode=index HTTP/1.1" 404 1433
37.167.35.88 - mFctjL3Z6wPpsrn [29/Apr/2023:05:08:44 -0400] "GET https://dallozbndpro-pvgpsla6.dalloz-bibliotheque.fr:443/fr/pvTile.asp?zones=1&nonext=1&version=1&pub=004898&num=16&viewer=WH5&t=0_0_0_2_1&pag=2 HTTP/1.1" 200 1833
37.167.35.88 - mFctjL3Z6wPpsrn [29/Apr/2023:05:08:44 -0400] "GET https://dallozbndpro-pvgpsla6.dalloz-bibliotheque.fr:443/fr/pvTile.asp?zones=1&nonext=1&version=1&pub=004898&num=16&viewer=WH5&t=0_0_0_2_0&pag=2 HTTP/1.1" 200 1833
37.167.35.88 - mFctjL3Z6wPpsrn [29/Apr/2023:05:08:44 -0400] "GET https://dallozbndpro-pvgpsla6.dalloz-bibliotheque.fr:443/fr/pvTile.asp?zones=1&nonext=1&version=1&pub=004898&num=16&viewer=WH5&t=0_0_0_1_3&pag=2 HTTP/1.1" 200 1593
37.167.35.88 - mFctjL3Z6wPpsrn [29/Apr/2023:05:08:44 -0400] "GET https://dallozbndpro-pvgpsla6.dalloz-bibliotheque.fr:443/fr/pvTile.asp?zones=1&nonext=1&version=1&pub=004898&num=16&viewer=WH5&t=0_0_0_1_2&pag=2 HTTP/1.1" 200 2169
37.167.35.88 - mFctjL3Z6wPpsrn [29/Apr/2023:05:08:44 -0400] "GET https://dallozbndpro-pvgpsla6.dalloz-bibliotheque.fr:443/fr/pvTile.asp?zones=1&nonext=1&version=1&pub=004898&num=16&viewer=WH5&t=0_0_0_1_1&pag=2 HTTP/1.1" 200 2169
37.167.35.88 - mFctjL3Z6wPpsrn [29/Apr/2023:05:08:44 -0400] "GET https://dallozbndpro-pvgpsla6.dalloz-bibliotheque.fr:443/fr/pvTile.asp?zones=1&nonext=1&version=1&pub=004898&num=16&viewer=WH5&t=0_0_0_2_2&pag=2 HTTP/1.1" 200 1833
37.167.35.88 - mFctjL3Z6wPpsrn [29/Apr/2023:05:08:44 -0400] "GET https://dallozbndpro-pvgpsla6.dalloz-bibliotheque.fr:443/fr/pvTile.asp?zones=1&nonext=1&version=1&pub=004898&num=16&viewer=WH5&t=0_0_0_2_3&pag=2 HTTP/1.1" 200 1383
90.73.144.164 - NYa6BAYw8I3ICFL [29/Apr/2023:05:08:44 -0400] "GET https://www.dalloz.fr:443/api/session/tick?_=1682759324394 HTTP/1.1" 200 0
92.150.106.12 - x4Pea6xOPjQ68y1 [29/Apr/2023:05:09:11 -0400] "GET https://nouveau.europresse.com:443/Pdf/ImageList?docName=pdf%C2%B720230429%C2%B7NIC_P%C2%B721 HTTP/1.1" 200 1243
92.150.106.12 - x4Pea6xOPjQ68y1 [29/Apr/2023:05:09:14 -0400] "POST https://nouveau.europresse.com:443/Pdf/ImageBytes?imageIndex=0&id=pdf%C2%B720230429%C2%B7NIC_P%C2%B721&cache=1682759352307 HTTP/1.1" 200 1399355
86.229.35.38 - EMH4zMWRQuWw7A7 [29/Apr/2023:05:09:23 -0400] "GET https://www.dalloz.fr:443/api/session/tick?_=1682759361997 HTTP/1.1" 200 0
92.150.106.12 - x4Pea6xOPjQ68y1 [29/Apr/2023:05:09:23 -0400] "GET https://nouveau.europresse.com:443/Pdf/ImageList?docName=pdf%C2%B720230429%C2%B7NIC_P%C2%B722 HTTP/1.1" 200 1243
37.167.35.88 - mFctjL3Z6wPpsrn [29/Apr/2023:05:09:24 -0400] "GET https://www.dalloz-bibliotheque.fr:443/ HTTP/1.1" 200 43551
92.150.106.12 - x4Pea6xOPjQ68y1 [29/Apr/2023:05:09:24 -0400] "POST https://nouveau.europresse.com:443/Pdf/ImageBytes?imageIndex=0&id=pdf%C2%B720230429%C2%B7NIC_P%C2%B722&cache=1682759363980 HTTP/1.1" 200 1399355
37.167.35.88 - mFctjL3Z6wPpsrn [29/Apr/2023:05:09:24 -0400] "GET https://ga.dalloz.fr:443/ressources_module_ga/img/background_name_bi.png HTTP/1.1" 302 0
37.167.35.88 - mFctjL3Z6wPpsrn [29/Apr/2023:05:09:24 -0400] "GET https://ga.dalloz.fr:443/ressources_module_ga/img/arrow_down_bi.png HTTP/1.1" 302 0
37.167.35.88 - mFctjL3Z6wPpsrn [29/Apr/2023:05:09:24 -0400] "GET https://ga.dalloz.fr:443/fr/error/unlogged HTTP/1.1" 200 3628
37.167.35.88 - mFctjL3Z6wPpsrn [29/Apr/2023:05:09:26 -0400] "GET https://ga.dalloz.fr:443/fr/error/unlogged HTTP/1.1" 200 3628
37.167.35.88 - mFctjL3Z6wPpsrn [29/Apr/2023:05:09:30 -0400] "GET https://www.dalloz-bibliotheque.fr:443/x_searchdocument.php?q=Droit+p%C3%A9nal+g%C3%A9n%C3%A9ral+&maxRows=15&allEditions=false HTTP/1.1" 200 553
37.167.35.88 - mFctjL3Z6wPpsrn [29/Apr/2023:05:09:31 -0400] "GET https://www.dalloz-bibliotheque.fr:443/x_searchdocument.php?q=Droit+p%C3%A9nal+g%C3%A9n%C3%A9ral&maxRows=15&allEditions=false HTTP/1.1" 200 825
92.150.106.12 - x4Pea6xOPjQ68y1 [29/Apr/2023:05:09:32 -0400] "GET https://nouveau.europresse.com:443/Pdf/ImageList?docName=pdf%C2%B720230429%C2%B7NIC_P%C2%B723 HTTP/1.1" 200 1243
92.150.106.12 - x4Pea6xOPjQ68y1 [29/Apr/2023:05:09:35 -0400] "POST https://nouveau.europresse.com:443/Pdf/ImageBytes?imageIndex=0&id=pdf%C2%B720230429%C2%B7NIC_P%C2%B723&cache=1682759373402 HTTP/1.1" 200 1399355
37.167.35.88 - mFctjL3Z6wPpsrn [29/Apr/2023:05:09:38 -0400] "GET https://www.dalloz-bibliotheque.fr:443/x_searchdocument.php?q=Droit+p%C3%A9nal+&maxRows=15&allEditions=false HTTP/1.1" 200 1627
92.150.106.12 - x4Pea6xOPjQ68y1 [29/Apr/2023:05:09:46 -0400] "GET https://nouveau.europresse.com:443/Pdf/ImageList?docName=pdf%C2%B720230429%C2%B7NIC_P%C2%B724 HTTP/1.1" 200 1242
92.150.106.12 - x4Pea6xOPjQ68y1 [29/Apr/2023:05:09:47 -0400] "GET https://nouveau.europresse.com:443/Pdf/ImageList?docName=pdf%C2%B720230429%C2%B7NIC_P%C2%B725 HTTP/1.1" 200 1243
92.150.106.12 - x4Pea6xOPjQ68y1 [29/Apr/2023:05:09:48 -0400] "POST https://nouveau.europresse.com:443/Pdf/ImageBytes?imageIndex=0&id=pdf%C2%B720230429%C2%B7NIC_P%C2%B725&cache=1682759387226 HTTP/1.1" 200 1399355
37.167.35.88 - mFctjL3Z6wPpsrn [29/Apr/2023:05:09:50 -0400] "GET https://www.dalloz-bibliotheque.fr:443/index.php?form_key=document&subpage=search&q_sort_document=&q_nbperpage_document=&q_page_document=1&q_document=Droit+p%C3%A9nal+g%C3%A9n%C3%A9ral+2023+-+14e+%28Cours%29+-+ISBN%3A+9782247221936 HTTP/1.1" 200 33661
37.167.35.88 - mFctjL3Z6wPpsrn [29/Apr/2023:05:09:50 -0400] "GET https://ga.dalloz.fr:443/ressources_module_ga/img/background_name_bi.png HTTP/1.1" 302 0
37.167.35.88 - mFctjL3Z6wPpsrn [29/Apr/2023:05:09:50 -0400] "GET https://www.dalloz-bibliotheque.fr:443/bibliotheque/Droit_p%C3%A9nal_g%C3%A9n%C3%A9ral_2023-111124.htm HTTP/1.1" 200 20415
92.150.106.12 - x4Pea6xOPjQ68y1 [29/Apr/2023:05:09:50 -0400] "POST https://nouveau.europresse.com:443/Pdf/ImageBytes?imageIndex=0&id=pdf%C2%B720230429%C2%B7NIC_P%C2%B725&cache=1682759388459 HTTP/1.1" 200 1399355
37.167.35.88 - mFctjL3Z6wPpsrn [29/Apr/2023:05:09:51 -0400] "GET https://ga.dalloz.fr:443/ressources_module_ga/img/background_name_bi.png HTTP/1.1" 302 0
37.167.35.88 - mFctjL3Z6wPpsrn [29/Apr/2023:05:09:51 -0400] "GET https://ga.dalloz.fr:443/ressources_module_ga/img/arrow_down_bi.png HTTP/1.1" 302 0
37.167.35.88 - mFctjL3Z6wPpsrn [29/Apr/2023:05:09:51 -0400] "GET https://ga.dalloz.fr:443/fr/error/unlogged HTTP/1.1" 200 3628
37.167.35.88 - mFctjL3Z6wPpsrn [29/Apr/2023:05:09:51 -0400] "GET https://ga.dalloz.fr:443/fr/error/unlogged HTTP/1.1" 200 3628
37.167.35.88 - mFctjL3Z6wPpsrn [29/Apr/2023:05:09:52 -0400] "GET https://imanalytic.dalloz-bibliotheque.fr:443/services/logevent.php?jsoncallback=jQuery112407434891772635953_1682759390687&fct=Product&param=%257B%2522shopname%2522%253A%2522dallozbndpro%2522%252C%2522extuserid%2522%253A%2522AJ38AE15%2522%252C%2522ip%2522%253A%2522154.59.124.155%2522%252C%2522log_date%2522%253A%25222023-04-29%2B11%253A09%253A50%2522%252C%2522referer%2522%253A%2522https%253A%255C%252F%255C%252Fwww.dalloz-bibliotheque.fr%255C%252Findex.php%253Fform_key%253Ddocument%2526subpage%253Dsearch%2526q_sort_document%253D%2526q_nbperpage_document%253D%2526q_page_document%253D1%2526q_document%253DDroit%252Bp%2525C3%2525A9nal%252Bg%2525C3%2525A9n%2525C3%2525A9ral%252B2023%252B-%252B14e%252B%252528Cours%252529%252B-%252BISBN%25253A%252B9782247221936%2522%252C%2522isbn%2522%253A%25229782247221936%2522%257D&_=1682759390688 HTTP/1.1" 200 366
37.167.35.88 - mFctjL3Z6wPpsrn [29/Apr/2023:05:09:53 -0400] "GET https://www.dalloz.fr:443/api/session/tick?_=1682759392789 HTTP/1.1" 200 0
92.150.106.12 - x4Pea6xOPjQ68y1 [29/Apr/2023:05:09:58 -0400] "GET https://nouveau.europresse.com:443/Pdf/ImageList?docName=pdf%C2%B720230429%C2%B7NIC_P%C2%B726 HTTP/1.1" 200 1243
92.150.106.12 - x4Pea6xOPjQ68y1 [29/Apr/2023:05:10:01 -0400] "POST https://nouveau.europresse.com:443/Pdf/ImageBytes?imageIndex=0&id=pdf%C2%B720230429%C2%B7NIC_P%C2%B726&cache=1682759399647 HTTP/1.1" 200 1399355
92.150.106.12 - x4Pea6xOPjQ68y1 [29/Apr/2023:05:10:07 -0400] "GET https://nouveau.europresse.com:443/Pdf/ImageList?docName=pdf%C2%B720230429%C2%B7NIC_P%C2%B727 HTTP/1.1" 200 1243
92.150.106.12 - x4Pea6xOPjQ68y1 [29/Apr/2023:05:10:09 -0400] "POST https://nouveau.europresse.com:443/Pdf/ImageBytes?imageIndex=0&id=pdf%C2%B720230429%C2%B7NIC_P%C2%B727&cache=1682759408320 HTTP/1.1" 200 700303
86.229.35.38 - EMH4zMWRQuWw7A7 [29/Apr/2023:05:10:22 -0400] "GET https://www.dalloz.fr:443/api/session/tick?_=1682759421982 HTTP/1.1" 200 0
86.229.35.38 - EMH4zMWRQuWw7A7 [29/Apr/2023:05:11:22 -0400] "GET https://www.dalloz.fr:443/api/session/tick?_=1682759481989 HTTP/1.1" 200 0
193.240.184.99 - - [29/Apr/2023:05:11:29 -0400] "GET https://udcpp.idm.oclc.org:8443/public/admin.htm HTTP/1.1" 200 0
37.167.35.88 - mFctjL3Z6wPpsrn [29/Apr/2023:05:12:03 -0400] "GET https://www.dalloz-bibliotheque.fr:443/ HTTP/1.1" 200 43551
37.167.35.88 - mFctjL3Z6wPpsrn [29/Apr/2023:05:12:04 -0400] "GET https://ga.dalloz.fr:443/ressources_module_ga/img/arrow_down_bi.png HTTP/1.1" 302 0
37.167.35.88 - mFctjL3Z6wPpsrn [29/Apr/2023:05:12:04 -0400] "GET https://ga.dalloz.fr:443/ressources_module_ga/img/background_name_bi.png HTTP/1.1" 302 0
37.167.35.88 - mFctjL3Z6wPpsrn [29/Apr/2023:05:12:04 -0400] "GET https://ga.dalloz.fr:443/fr/error/unlogged HTTP/1.1" 200 3628
37.167.35.88 - mFctjL3Z6wPpsrn [29/Apr/2023:05:12:04 -0400] "GET https://ga.dalloz.fr:443/fr/error/unlogged HTTP/1.1" 200 3628
37.167.35.88 - mFctjL3Z6wPpsrn [29/Apr/2023:05:12:08 -0400] "GET https://www.dalloz-bibliotheque.fr:443/x_searchdocument.php?q=Droit+&maxRows=15&allEditions=false HTTP/1.1" 200 1696
37.167.35.88 - mFctjL3Z6wPpsrn [29/Apr/2023:05:12:08 -0400] "GET https://www.dalloz-bibliotheque.fr:443/x_searchdocument.php?q=Droit+d&maxRows=15&allEditions=false HTTP/1.1" 200 1636
37.167.35.88 - mFctjL3Z6wPpsrn [29/Apr/2023:05:12:11 -0400] "GET https://www.dalloz-bibliotheque.fr:443/x_searchdocument.php?q=Droit+de+la+famille&maxRows=15&allEditions=false HTTP/1.1" 200 789
37.167.35.88 - mFctjL3Z6wPpsrn [29/Apr/2023:05:12:12 -0400] "GET https://www.dalloz-bibliotheque.fr:443/x_searchdocument.php?q=Droit+de+la+famille+&maxRows=15&allEditions=false HTTP/1.1" 200 429
37.167.35.88 - mFctjL3Z6wPpsrn [29/Apr/2023:05:12:16 -0400] "GET https://www.dalloz-bibliotheque.fr:443/x_searchdocument.php?q=Droit+de+la+famille&maxRows=15&allEditions=false HTTP/1.1" 200 789
37.167.35.88 - mFctjL3Z6wPpsrn [29/Apr/2023:05:12:21 -0400] "GET https://www.dalloz-bibliotheque.fr:443/index.php?form_key=document&subpage=search&q_sort_document=&q_nbperpage_document=&q_page_document=1&q_document=Droit+de+la+famille+-+5e+%28Cours%29+-+ISBN%3A+9782247212859 HTTP/1.1" 200 33644
37.167.35.88 - mFctjL3Z6wPpsrn [29/Apr/2023:05:12:22 -0400] "GET https://www.dalloz-bibliotheque.fr:443/bibliotheque/Droit_de_la_famille-112098.htm HTTP/1.1" 200 19188
37.167.35.88 - mFctjL3Z6wPpsrn [29/Apr/2023:05:12:22 -0400] "GET https://ga.dalloz.fr:443/ressources_module_ga/img/arrow_down_bi.png HTTP/1.1" 302 0
37.167.35.88 - mFctjL3Z6wPpsrn [29/Apr/2023:05:12:22 -0400] "GET https://ga.dalloz.fr:443/ressources_module_ga/img/background_name_bi.png HTTP/1.1" 302 0
37.167.35.88 - mFctjL3Z6wPpsrn [29/Apr/2023:05:12:23 -0400] "GET https://ga.dalloz.fr:443/fr/error/unlogged HTTP/1.1" 200 3628
37.167.35.88 - mFctjL3Z6wPpsrn [29/Apr/2023:05:12:23 -0400] "GET https://ga.dalloz.fr:443/fr/error/unlogged HTTP/1.1" 200 3628
37.167.35.88 - mFctjL3Z6wPpsrn [29/Apr/2023:05:12:23 -0400] "GET https://imanalytic.dalloz-bibliotheque.fr:443/services/logevent.php?jsoncallback=jQuery112405928209870179353_1682759542235&fct=Product&param=%257B%2522shopname%2522%253A%2522dallozbndpro%2522%252C%2522extuserid%2522%253A%2522AJ38AE15%2522%252C%2522ip%2522%253A%2522154.59.124.155%2522%252C%2522log_date%2522%253A%25222023-04-29%2B11%253A12%253A22%2522%252C%2522referer%2522%253A%2522https%253A%255C%252F%255C%252Fwww.dalloz-bibliotheque.fr%255C%252Findex.php%253Fform_key%253Ddocument%2526subpage%253Dsearch%2526q_sort_document%253D%2526q_nbperpage_document%253D%2526q_page_document%253D1%2526q_document%253DDroit%252Bde%252Bla%252Bfamille%252B-%252B5e%252B%252528Cours%252529%252B-%252BISBN%25253A%252B9782247212859%2522%252C%2522isbn%2522%253A%25229782247212859%2522%257D&_=1682759542236 HTTP/1.1" 200 321
86.229.35.38 - EMH4zMWRQuWw7A7 [29/Apr/2023:05:12:24 -0400] "GET https://www.dalloz.fr:443/api/session/tick?_=1682759543997 HTTP/1.1" 200 0
37.167.35.88 - mFctjL3Z6wPpsrn [29/Apr/2023:05:12:31 -0400] "GET https://www.dalloz.fr:443/api/session/tick?_=1682759550494 HTTP/1.1" 200 0
37.167.35.88 - mFctjL3Z6wPpsrn [29/Apr/2023:05:13:11 -0400] "GET https://www.dalloz-bibliotheque.fr:443/ HTTP/1.1" 200 43551
37.167.35.88 - mFctjL3Z6wPpsrn [29/Apr/2023:05:13:11 -0400] "GET https://ga.dalloz.fr:443/ressources_module_ga/img/background_name_bi.png HTTP/1.1" 302 0
37.167.35.88 - mFctjL3Z6wPpsrn [29/Apr/2023:05:13:11 -0400] "GET https://ga.dalloz.fr:443/ressources_module_ga/img/arrow_down_bi.png HTTP/1.1" 302 0
37.167.35.88 - mFctjL3Z6wPpsrn [29/Apr/2023:05:13:11 -0400] "GET https://ga.dalloz.fr:443/fr/error/unlogged HTTP/1.1" 200 3628
37.167.35.88 - mFctjL3Z6wPpsrn [29/Apr/2023:05:13:12 -0400] "GET https://ga.dalloz.fr:443/fr/error/unlogged HTTP/1.1" 200 3628
37.167.35.88 - mFctjL3Z6wPpsrn [29/Apr/2023:05:13:15 -0400] "GET https://www.dalloz-bibliotheque.fr:443/x_searchdocument.php?q=Droit+de+&maxRows=15&allEditions=false HTTP/1.1" 200 1523
37.167.35.88 - mFctjL3Z6wPpsrn [29/Apr/2023:05:13:18 -0400] "GET https://www.dalloz-bibliotheque.fr:443/x_searchdocument.php?q=Droit+p%C3%A9nal+g%C3%A9n%C3%A9ral&maxRows=15&allEditions=false HTTP/1.1" 200 825
37.167.35.88 - mFctjL3Z6wPpsrn [29/Apr/2023:05:13:23 -0400] "GET https://www.dalloz-bibliotheque.fr:443/index.php?form_key=document&subpage=search&q_sort_document=&q_nbperpage_document=&q_page_document=1&q_document=Droit+p%C3%A9nal+g%C3%A9n%C3%A9ral+2023+-+14e+%28Cours%29+-+ISBN%3A+9782247221936 HTTP/1.1" 200 33661
37.167.35.88 - mFctjL3Z6wPpsrn [29/Apr/2023:05:13:23 -0400] "GET https://www.dalloz-bibliotheque.fr:443/bibliotheque/Droit_p%C3%A9nal_g%C3%A9n%C3%A9ral_2023-111124.htm HTTP/1.1" 200 20415
37.167.35.88 - mFctjL3Z6wPpsrn [29/Apr/2023:05:13:24 -0400] "GET https://ga.dalloz.fr:443/ressources_module_ga/img/background_name_bi.png HTTP/1.1" 302 0
37.167.35.88 - mFctjL3Z6wPpsrn [29/Apr/2023:05:13:24 -0400] "GET https://ga.dalloz.fr:443/ressources_module_ga/img/arrow_down_bi.png HTTP/1.1" 302 0
37.167.35.88 - mFctjL3Z6wPpsrn [29/Apr/2023:05:13:24 -0400] "GET https://ga.dalloz.fr:443/fr/error/unlogged HTTP/1.1" 200 3628
37.167.35.88 - mFctjL3Z6wPpsrn [29/Apr/2023:05:13:24 -0400] "GET https://ga.dalloz.fr:443/fr/error/unlogged HTTP/1.1" 200 3628
37.167.35.88 - mFctjL3Z6wPpsrn [29/Apr/2023:05:13:25 -0400] "GET https://imanalytic.dalloz-bibliotheque.fr:443/services/logevent.php?jsoncallback=jQuery112404067220767370031_1682759603775&fct=Product&param=%257B%2522shopname%2522%253A%2522dallozbndpro%2522%252C%2522extuserid%2522%253A%2522AJ38AE15%2522%252C%2522ip%2522%253A%2522154.59.124.155%2522%252C%2522log_date%2522%253A%25222023-04-29%2B11%253A13%253A23%2522%252C%2522referer%2522%253A%2522https%253A%255C%252F%255C%252Fwww.dalloz-bibliotheque.fr%255C%252Findex.php%253Fform_key%253Ddocument%2526subpage%253Dsearch%2526q_sort_document%253D%2526q_nbperpage_document%253D%2526q_page_document%253D1%2526q_document%253DDroit%252Bp%2525C3%2525A9nal%252Bg%2525C3%2525A9n%2525C3%2525A9ral%252B2023%252B-%252B14e%252B%252528Cours%252529%252B-%252BISBN%25253A%252B9782247221936%2522%252C%2522isbn%2522%253A%25229782247221936%2522%257D&_=1682759603776 HTTP/1.1" 200 366
86.229.35.38 - EMH4zMWRQuWw7A7 [29/Apr/2023:05:13:59 -0400] "GET https://www.dalloz.fr:443/api/session/tick?_=1682759638997 HTTP/1.1" 200 0
92.150.106.12 - x4Pea6xOPjQ68y1 [29/Apr/2023:05:14:00 -0400] "GET https://nouveau.europresse.com:443/Pdf/ImageList?docName=pdf%C2%B720230429%C2%B7NIC_P%C2%B728 HTTP/1.1" 200 1243
92.150.106.12 - x4Pea6xOPjQ68y1 [29/Apr/2023:05:14:03 -0400] "POST https://nouveau.europresse.com:443/Pdf/ImageBytes?imageIndex=0&id=pdf%C2%B720230429%C2%B7NIC_P%C2%B728&cache=1682759641183 HTTP/1.1" 200 1399355
92.150.106.12 - x4Pea6xOPjQ68y1 [29/Apr/2023:05:14:05 -0400] "GET https://nouveau.europresse.com:443/Pdf/ImageList?docName=pdf%C2%B720230429%C2%B7NIC_P%C2%B729 HTTP/1.1" 200 1243
92.150.106.12 - x4Pea6xOPjQ68y1 [29/Apr/2023:05:14:05 -0400] "POST https://nouveau.europresse.com:443/Pdf/ImageBytes?imageIndex=0&id=pdf%C2%B720230429%C2%B7NIC_P%C2%B731&cache=1682759645883 HTTP/1.1" 200 700303
92.150.106.12 - x4Pea6xOPjQ68y1 [29/Apr/2023:05:14:07 -0400] "GET https://nouveau.europresse.com:443/Pdf/ImageList?docName=pdf%C2%B720230429%C2%B7NIC_P%C2%B730 HTTP/1.1" 200 1243
92.150.106.12 - x4Pea6xOPjQ68y1 [29/Apr/2023:05:14:08 -0400] "POST https://nouveau.europresse.com:443/Pdf/ImageBytes?imageIndex=0&id=pdf%C2%B720230429%C2%B7NIC_P%C2%B731&cache=1682759648188 HTTP/1.1" 200 700303
92.150.106.12 - x4Pea6xOPjQ68y1 [29/Apr/2023:05:14:10 -0400] "GET https://nouveau.europresse.com:443/Pdf/ImageList?docName=pdf%C2%B720230429%C2%B7NIC_P%C2%B731 HTTP/1.1" 200 1243
92.150.106.12 - x4Pea6xOPjQ68y1 [29/Apr/2023:05:14:12 -0400] "GET https://nouveau.europresse.com:443/Pdf/ImageList?docName=pdf%C2%B720230429%C2%B7NIC_P%C2%B732 HTTP/1.1" 200 1243
92.150.106.12 - x4Pea6xOPjQ68y1 [29/Apr/2023:05:14:12 -0400] "POST https://nouveau.europresse.com:443/Pdf/ImageBytes?imageIndex=0&id=pdf%C2%B720230429%C2%B7NIC_P%C2%B732&cache=1682759651193 HTTP/1.1" 200 1399355
92.150.106.12 - x4Pea6xOPjQ68y1 [29/Apr/2023:05:14:17 -0400] "POST https://nouveau.europresse.com:443/Pdf/ImageBytes?imageIndex=0&id=pdf%C2%B720230429%C2%B7NIC_P%C2%B732&cache=1682759653555 HTTP/1.1" 200 2797454
37.167.35.88 - mFctjL3Z6wPpsrn [29/Apr/2023:05:14:34 -0400] "GET https://www.dalloz.fr:443/api/session/tick?_=1682759674049 HTTP/1.1" 200 0
86.229.35.38 - EMH4zMWRQuWw7A7 [29/Apr/2023:05:14:59 -0400] "GET https://www.dalloz.fr:443/api/session/tick?_=1682759698994 HTTP/1.1" 200 0
193.48.28.18 - - [29/Apr/2023:05:15:43 -0400] "POST https://udcpp.idm.oclc.org:8443/login?qurl=ezp.2aHR0cHM6Ly9ub3V2ZWF1LmV1cm9wcmVzc2UuY29tL2FjY2Vzcy9pcC9kZWZhdWx0LmFzcHg.dW49Q09SVEVUXzE- HTTP/1.1" 200 0
37.167.35.88 - mFctjL3Z6wPpsrn [29/Apr/2023:05:15:50 -0400] "GET https://www.dalloz.fr:443/api/session/tick?_=1682759749986 HTTP/1.1" 200 0
86.229.35.38 - EMH4zMWRQuWw7A7 [29/Apr/2023:05:15:59 -0400] "GET https://www.dalloz.fr:443/api/session/tick?_=1682759758993 HTTP/1.1" 200 0
37.167.35.88 - mFctjL3Z6wPpsrn [29/Apr/2023:05:16:50 -0400] "GET https://www.dalloz.fr:443/api/session/tick?_=1682759810006 HTTP/1.1" 200 0
86.229.35.38 - EMH4zMWRQuWw7A7 [29/Apr/2023:05:16:59 -0400] "GET https://www.dalloz.fr:443/api/session/tick?_=1682759818982 HTTP/1.1" 200 0
37.167.35.88 - mFctjL3Z6wPpsrn [29/Apr/2023:05:17:50 -0400] "GET https://www.dalloz.fr:443/api/session/tick?_=1682759870057 HTTP/1.1" 200 0
86.229.35.38 - EMH4zMWRQuWw7A7 [29/Apr/2023:05:17:59 -0400] "GET https://www.dalloz.fr:443/api/session/tick?_=1682759878982 HTTP/1.1" 200 0
90.73.144.164 - NYa6BAYw8I3ICFL [29/Apr/2023:05:18:04 -0400] "GET https://www.dalloz.fr:443/api/session/tick?_=1682759883857 HTTP/1.1" 200 2189
90.73.144.164 - NYa6BAYw8I3ICFL [29/Apr/2023:05:18:13 -0400] "GET https://www.dalloz.fr:443/api/session/tick?_=1682759893586 HTTP/1.1" 200 0
86.229.35.38 - EMH4zMWRQuWw7A7 [29/Apr/2023:05:18:58 -0400] "GET https://www.dalloz.fr:443/api/session/tick?_=1682759938994 HTTP/1.1" 200 0
37.167.35.88 - mFctjL3Z6wPpsrn [29/Apr/2023:05:19:00 -0400] "GET https://www.dalloz.fr:443/api/session/tick?_=1682759939255 HTTP/1.1" 200 0
86.229.35.38 - EMH4zMWRQuWw7A7 [29/Apr/2023:05:19:59 -0400] "GET https://www.dalloz.fr:443/api/session/tick?_=1682759998991 HTTP/1.1" 200 0
37.167.35.88 - mFctjL3Z6wPpsrn [29/Apr/2023:05:20:25 -0400] "GET https://www.dalloz.fr:443/api/session/tick?_=1682760024060 HTTP/1.1" 200 0
86.229.35.38 - EMH4zMWRQuWw7A7 [29/Apr/2023:05:20:59 -0400] "GET https://www.dalloz.fr:443/api/session/tick?_=1682760058994 HTTP/1.1" 200 0
90.73.144.164 - NYa6BAYw8I3ICFL [29/Apr/2023:05:21:02 -0400] "GET https://www.dalloz.fr:443/api/session/tick?_=1682760061849 HTTP/1.1" 200 0
90.73.144.164 - NYa6BAYw8I3ICFL [29/Apr/2023:05:21:31 -0400] "GET https://www.dalloz.fr:443/api/session/tick?_=1682760090841 HTTP/1.1" 200 0
193.240.184.99 - - [29/Apr/2023:05:21:51 -0400] "GET https://udcpp.idm.oclc.org:8443/public/admin.htm HTTP/1.1" 200 0
86.229.35.38 - EMH4zMWRQuWw7A7 [29/Apr/2023:05:21:59 -0400] "GET https://www.dalloz.fr:443/api/session/tick?_=1682760118992 HTTP/1.1" 200 0
90.73.144.164 - NYa6BAYw8I3ICFL [29/Apr/2023:05:22:02 -0400] "GET https://www.dalloz.fr:443/api/session/tick?_=1682760122126 HTTP/1.1" 200 0
37.167.35.88 - mFctjL3Z6wPpsrn [29/Apr/2023:05:22:11 -0400] "GET https://www.dalloz.fr:443/api/session/tick?_=1682760131618 HTTP/1.1" 200 0
86.229.35.38 - EMH4zMWRQuWw7A7 [29/Apr/2023:05:22:59 -0400] "GET https://www.dalloz.fr:443/api/session/tick?_=1682760178995 HTTP/1.1" 200 0
90.73.144.164 - NYa6BAYw8I3ICFL [29/Apr/2023:05:23:09 -0400] "GET https://www.dalloz.fr:443/api/session/tick?_=1682760189129 HTTP/1.1" 200 0
86.229.35.38 - EMH4zMWRQuWw7A7 [29/Apr/2023:05:23:59 -0400] "GET https://www.dalloz.fr:443/api/session/tick?_=1682760238985 HTTP/1.1" 200 0
90.73.144.164 - NYa6BAYw8I3ICFL [29/Apr/2023:05:24:13 -0400] "GET https://www.dalloz.fr:443/api/session/tick?_=1682760253131 HTTP/1.1" 200 0
90.73.144.164 - NYa6BAYw8I3ICFL [29/Apr/2023:05:24:15 -0400] "GET https://www.dalloz.fr:443/api/session/tick?_=1682760255377 HTTP/1.1" 200 0
90.73.144.164 - NYa6BAYw8I3ICFL [29/Apr/2023:05:24:17 -0400] "GET https://www.dalloz.fr:443/api/session/tick?_=1682760257722 HTTP/1.1" 200 0
86.229.35.38 - EMH4zMWRQuWw7A7 [29/Apr/2023:05:24:59 -0400] "GET https://www.dalloz.fr:443/api/session/tick?_=1682760298976 HTTP/1.1" 200 0
90.73.144.164 - NYa6BAYw8I3ICFL [29/Apr/2023:05:25:11 -0400] "GET https://www.dalloz.fr:443/api/session/tick?_=1682760310848 HTTP/1.1" 200 0
90.73.144.164 - NYa6BAYw8I3ICFL [29/Apr/2023:05:25:13 -0400] "GET https://www.dalloz.fr:443/api/session/tick?_=1682760313149 HTTP/1.1" 200 0
86.229.35.38 - EMH4zMWRQuWw7A7 [29/Apr/2023:05:25:58 -0400] "GET https://www.dalloz.fr:443/api/session/tick?_=1682760358990 HTTP/1.1" 200 0
93.3.233.187 - - [29/Apr/2023:05:26:11 -0400] "GET https://udcpp.idm.oclc.org:8443/login?qurl=https://portail.universita.corsica%2fstockage_public%2fportail%2fbaaaatfb%2fimages%2fBibliotheque%2fbuext.jpg HTTP/1.1" 302 0
90.73.144.164 - NYa6BAYw8I3ICFL [29/Apr/2023:05:26:13 -0400] "GET https://www.dalloz.fr:443/api/session/tick?_=1682760373181 HTTP/1.1" 200 0
37.167.35.88 - mFctjL3Z6wPpsrn [29/Apr/2023:05:26:41 -0400] "GET https://www.dalloz.fr:443/api/session/tick?_=1682760396343 HTTP/1.1" 200 0
86.229.35.38 - EMH4zMWRQuWw7A7 [29/Apr/2023:05:26:59 -0400] "GET https://www.dalloz.fr:443/api/session/tick?_=1682760418986 HTTP/1.1" 200 0
90.73.144.164 - NYa6BAYw8I3ICFL [29/Apr/2023:05:27:12 -0400] "GET https://www.dalloz.fr:443/api/book/DAFAMILLE/toc/Summary/hierarchy?sgmlId=DZ%2FACTION%2FFAMILLE%2F2022%2FPARA%2F136.252%2FFOOTNOTE_BLOCK HTTP/1.1" 200 380
90.73.144.164 - NYa6BAYw8I3ICFL [29/Apr/2023:05:27:12 -0400] "POST https://www.dalloz.fr:443/api/statistics/user-event-track HTTP/1.1" 200 0
90.73.144.164 - NYa6BAYw8I3ICFL [29/Apr/2023:05:27:13 -0400] "GET https://www.dalloz.fr:443/api/session/tick?_=1682760433212 HTTP/1.1" 200 0
90.73.144.164 - NYa6BAYw8I3ICFL [29/Apr/2023:05:27:15 -0400] "GET https://www.dalloz.fr:443/api/book/DAFAMILLE/toc/Summary/hierarchy?sgmlId=DZ%2FACTION%2FFAMILLE%2F2022%2FPARA%2F136.252 HTTP/1.1" 200 380
90.73.144.164 - NYa6BAYw8I3ICFL [29/Apr/2023:05:27:15 -0400] "POST https://www.dalloz.fr:443/api/statistics/user-event-track HTTP/1.1" 200 0
90.73.144.164 - NYa6BAYw8I3ICFL [29/Apr/2023:05:27:17 -0400] "POST https://www.dalloz.fr:443/api/statistics/user-event-track HTTP/1.1" 200 0
90.73.144.164 - NYa6BAYw8I3ICFL [29/Apr/2023:05:27:18 -0400] "GET https://www.dalloz.fr:443/api/book/DAFAMILLE/toc/Summary/hierarchy?sgmlId=DZ%2FACTION%2FFAMILLE%2F2022%2FPARA%2F136.251 HTTP/1.1" 200 380
90.73.144.164 - NYa6BAYw8I3ICFL [29/Apr/2023:05:27:48 -0400] "GET https://www.dalloz.fr:443/api/session/tick?_=1682760468002 HTTP/1.1" 200 0
90.73.144.164 - NYa6BAYw8I3ICFL [29/Apr/2023:05:27:57 -0400] "GET https://www.dalloz.fr:443/api/session/tick?_=1682760477729 HTTP/1.1" 200 0
86.229.35.38 - EMH4zMWRQuWw7A7 [29/Apr/2023:05:27:59 -0400] "GET https://www.dalloz.fr:443/api/session/tick?_=1682760478997 HTTP/1.1" 200 0
90.73.144.164 - NYa6BAYw8I3ICFL [29/Apr/2023:05:28:13 -0400] "GET https://www.dalloz.fr:443/api/session/tick?_=1682760493244 HTTP/1.1" 200 0
86.211.80.145 - w240z0nQdkn9N83 [29/Apr/2023:05:28:23 -0400] "GET https://www.labase-lextenso.fr:443/lessentiel-droit-de-la-distribution-et-de-la-concurrence/DDC201i9 HTTP/1.1" 200 101872
86.211.80.145 - w240z0nQdkn9N83 [29/Apr/2023:05:28:24 -0400] "GET https://www.labase-lextenso.fr:443/lab/img/2/300x1/revue/DDC-2023-02.jpg?644cb2982c089 HTTP/1.1" 302 750
86.211.80.145 - w240z0nQdkn9N83 [29/Apr/2023:05:28:24 -0400] "GET https://www.labase-lextenso.fr:443/sites/lextenso/themes/lextenso/css/fonts/fontello/font/fontello.woff2 HTTP/1.1" 200 347
86.229.12.95 - - [29/Apr/2023:05:28:26 -0400] "GET https://udcpp.idm.oclc.org:8443/login?url=https://search.ebscohost.com/?authtype=ip&custid=ns196131&groupid=main&profid=eds&returnToUrl=%2feds%2fresults%3fvid%3d0%26sid%3d97b89c65-93c3-45ec-a4ab-62474a48e0e7%2540redis%26bquery%3dphysiologie%252Banimale%26bdata%3dJmNsaTA9RkMmY2x2MD1ZJmxhbmc9ZnImdHlwZT0wJnNlYXJjaE1vZGU9QW5kJnNpdGU9ZWRzLWxpdmU%253d&vid=0&sid=97b89c65-93c3-45ec-a4ab-62474a48e0e7@redis&lang=fr HTTP/1.1" 302 0
86.229.12.95 - - [29/Apr/2023:05:28:27 -0400] "GET https://udcpp.idm.oclc.org:8443/login?qurl=ezp.2aHR0cHM6Ly9zZWFyY2guZWJzY29ob3N0LmNvbS8.YXV0aHR5cGU9aXAmY3VzdGlkPW5zMTk2MTMxJmdyb3VwaWQ9bWFpbiZwcm9maWQ9ZWRzJnJldHVyblRvVXJsPSUyZmVkcyUyZnJlc3VsdHMlM2Z2aWQlM2QwJTI2c2lkJTNkOTdiODljNjUtOTNjMy00NWVjLWE0YWItNjI0NzRhNDhlMGU3JTI1NDByZWRpcyUyNmJxdWVyeSUzZHBoeXNpb2xvZ2llJTI1MkJhbmltYWxlJTI2YmRhdGElM2RKbU5zYVRBOVJrTW1ZMngyTUQxWkpteGhibWM5Wm5JbWRIbHdaVDB3Sm5ObFlYSmphRTF2WkdVOVFXNWtKbk5wZEdVOVpXUnpMV3hwZG1VJTI1M2QmdmlkPTAmc2lkPTk3Yjg5YzY1LTkzYzMtNDVlYy1hNGFiLTYyNDc0YTQ4ZTBlN0ByZWRpcyZsYW5nPWZy&ticket=ST-10071-ycAtTABBh5wm5nOlPkxJV8GPVyU-AUTH HTTP/1.1" 302 0
86.229.12.95 - 8bAG0TDROZcDDXn [29/Apr/2023:05:28:27 -0400] "GET https://udcpp.idm.oclc.org:8443/connect?session=s8bAG0TDROZcDDXn&qurl=https%3a%2f%2fsearch.ebscohost.com%2f%3fauthtype%3dip%26custid%3dns196131%26groupid%3dmain%26profid%3deds%26returnToUrl%3d%252feds%252fresults%253fvid%253d0%2526sid%253d97b89c65-93c3-45ec-a4ab-62474a48e0e7%252540redis%2526bquery%253dphysiologie%25252Banimale%2526bdata%253dJmNsaTA9RkMmY2x2MD1ZJmxhbmc9ZnImdHlwZT0wJnNlYXJjaE1vZGU9QW5kJnNpdGU9ZWRzLWxpdmU%25253d%26vid%3d0%26sid%3d97b89c65-93c3-45ec-a4ab-62474a48e0e7%40redis%26lang%3dfr HTTP/1.1" 302 0
86.229.12.95 - 8bAG0TDROZcDDXn [29/Apr/2023:05:28:28 -0400] "GET https://search.ebscohost.com:443/?authtype=ip&custid=ns196131&groupid=main&profid=eds&returnToUrl=%2feds%2fresults%3fvid%3d0%26sid%3d97b89c65-93c3-45ec-a4ab-62474a48e0e7%2540redis%26bquery%3dphysiologie%252Banimale%26bdata%3dJmNsaTA9RkMmY2x2MD1ZJmxhbmc9ZnImdHlwZT0wJnNlYXJjaE1vZGU9QW5kJnNpdGU9ZWRzLWxpdmU%253d&vid=0&sid=97b89c65-93c3-45ec-a4ab-62474a48e0e7@redis&lang=fr HTTP/1.1" 302 7088
86.229.12.95 - 8bAG0TDROZcDDXn [29/Apr/2023:05:28:29 -0400] "GET https://eds.p.ebscohost.com:443/start?key=100.65.103.50_8000_546367917&site=eds&profid=eds&returnToUrl=%2feds%2fresults%3fvid%3d0%26sid%3d97b89c65-93c3-45ec-a4ab-62474a48e0e7%2540redis%26bquery%3dphysiologie%252Banimale%26bdata%3dJmNsaTA9RkMmY2x2MD1ZJmxhbmc9ZnImdHlwZT0wJnNlYXJjaE1vZGU9QW5kJnNpdGU9ZWRzLWxpdmU%253d&vid=0&sid=97b89c65-93c3-45ec-a4ab-62474a48e0e7%40redis&lang=fr HTTP/1.1" 200 2441
86.229.12.95 - 8bAG0TDROZcDDXn [29/Apr/2023:05:28:31 -0400] "GET https://eds.p.ebscohost.com:443/eds/results?vid=1&sid=97b89c65-93c3-45ec-a4ab-62474a48e0e7%40redis&bquery=physiologie%252Banimale&bdata=JmNsaTA9RkMmY2x2MD1ZJmxhbmc9ZnImdHlwZT0wJnNlYXJjaE1vZGU9QW5kJnNpdGU9ZWRzLWxpdmU%3d HTTP/1.1" 200 236914
86.229.12.95 - 8bAG0TDROZcDDXn [29/Apr/2023:05:28:32 -0400] "GET https://www.universita.corsica:443/wp-content/uploads/2016/06/logo-universite-corse.png HTTP/1.1" 200 16035
86.229.12.95 - 8bAG0TDROZcDDXn [29/Apr/2023:05:28:33 -0400] "GET https://gss.ebscohost.com:443/jjoly/corse/corse.js HTTP/1.1" 200 7479
86.229.12.95 - 8bAG0TDROZcDDXn [29/Apr/2023:05:28:33 -0400] "GET https://gss.ebscohost.com:443/pmarguier/generic/detailed_record_multi_replace.js HTTP/1.1" 200 3677
86.229.12.95 - 8bAG0TDROZcDDXn [29/Apr/2023:05:28:34 -0400] "POST https://eds.p.ebscohost.com:443/eds/DatabaseHyperlink/GetDatabaseHyperlinkResult?sid=97b89c65-93c3-45ec-a4ab-62474a48e0e7@redis&vid=1 HTTP/1.1" 200 3623
86.229.12.95 - 8bAG0TDROZcDDXn [29/Apr/2023:05:28:36 -0400] "GET https://eds.p.ebscohost.com:443/eds/Placard/LoadPlacard?sid=97b89c65-93c3-45ec-a4ab-62474a48e0e7@redis&vid=1&Term=physiologie%20animale&Db=edspub HTTP/1.1" 200 0
86.229.12.95 - 8bAG0TDROZcDDXn [29/Apr/2023:05:28:36 -0400] "GET https://eds.p.ebscohost.com:443/eds/ImportWidget/ImportWidgetContent?wdgtId=366036&vid=1&sid=97b89c65-93c3-45ec-a4ab-62474a48e0e7@redis HTTP/1.1" 200 9264
86.229.12.95 - 8bAG0TDROZcDDXn [29/Apr/2023:05:28:36 -0400] "POST https://eds.p.ebscohost.com:443/eds/ErrorLogger/LogAmplitudeError?sid=97b89c65-93c3-45ec-a4ab-62474a48e0e7@redis&vid=1 HTTP/1.1" 302 1829
86.229.12.95 - 8bAG0TDROZcDDXn [29/Apr/2023:05:28:36 -0400] "GET https://eds.p.ebscohost.com:443/eds/ImportWidget/ImportWidgetContent?wdgtId=366035&vid=1&sid=97b89c65-93c3-45ec-a4ab-62474a48e0e7@redis HTTP/1.1" 200 10717
86.229.12.95 - 8bAG0TDROZcDDXn [29/Apr/2023:05:28:37 -0400] "GET https://eds.p.ebscohost.com:443/Legacy/Views/static/html/Error.htm?aspxerrorpath=/eds/ErrorLogger/LogAmplitudeError HTTP/1.1" 200 5696
86.229.12.95 - 8bAG0TDROZcDDXn [29/Apr/2023:05:28:45 -0400] "POST https://eds.p.ebscohost.com:443/eds/RealTimeAvailability/summary?sid=97b89c65-93c3-45ec-a4ab-62474a48e0e7@redis&vid=1 HTTP/1.1" 200 23452
90.73.144.164 - NYa6BAYw8I3ICFL [29/Apr/2023:05:28:51 -0400] "GET https://www.dalloz.fr:443/api/session/tick?_=1682760531320 HTTP/1.1" 200 0
90.73.144.164 - NYa6BAYw8I3ICFL [29/Apr/2023:05:28:51 -0400] "GET https://www.dalloz.fr:443/api/session/tick?_=1682760531292 HTTP/1.1" 200 0
90.73.144.164 - NYa6BAYw8I3ICFL [29/Apr/2023:05:28:57 -0400] "GET https://www.dalloz.fr:443/api/session/tick?_=1682760537747 HTTP/1.1" 200 0
86.229.35.38 - EMH4zMWRQuWw7A7 [29/Apr/2023:05:28:59 -0400] "GET https://www.dalloz.fr:443/api/session/tick?_=1682760538991 HTTP/1.1" 200 0
90.73.144.164 - NYa6BAYw8I3ICFL [29/Apr/2023:05:29:54 -0400] "GET https://www.dalloz.fr:443/api/session/tick?_=1682760594446 HTTP/1.1" 200 0
86.229.35.38 - EMH4zMWRQuWw7A7 [29/Apr/2023:05:29:59 -0400] "GET https://www.dalloz.fr:443/api/session/tick?_=1682760598984 HTTP/1.1" 200 0
90.73.144.164 - NYa6BAYw8I3ICFL [29/Apr/2023:05:30:01 -0400] "GET https://www.dalloz.fr:443/api/session/tick?_=1682760600865 HTTP/1.1" 200 0
86.211.80.145 - w240z0nQdkn9N83 [29/Apr/2023:05:30:13 -0400] "GET https://www.labase-lextenso.fr:443/lessentiel-droit-de-la-distribution-et-de-la-concurrence/DDC201j2 HTTP/1.1" 200 102051
86.229.35.38 - EMH4zMWRQuWw7A7 [29/Apr/2023:05:30:53 -0400] "GET https://www.dalloz.fr:443/api/session/tick?_=1682760653325 HTTP/1.1" 200 0
86.211.80.145 - w240z0nQdkn9N83 [29/Apr/2023:05:30:54 -0400] "GET https://www.labase-lextenso.fr:443/lessentiel-droit-de-la-distribution-et-de-la-concurrence/DDC201i1 HTTP/1.1" 200 101742
86.211.80.145 - w240z0nQdkn9N83 [29/Apr/2023:05:30:55 -0400] "GET https://www.labase-lextenso.fr:443/lab/img/2/300x1/revue/DDC-2023-02.jpg?644cb2982c089 HTTP/1.1" 302 750
90.73.144.164 - NYa6BAYw8I3ICFL [29/Apr/2023:05:31:01 -0400] "GET https://www.dalloz.fr:443/api/session/tick?_=1682760660871 HTTP/1.1" 200 0
90.73.144.164 - NYa6BAYw8I3ICFL [29/Apr/2023:05:31:16 -0400] "GET https://www.dalloz.fr:443/api/session/tick?_=1682760676566 HTTP/1.1" 200 0
37.167.35.88 - mFctjL3Z6wPpsrn [29/Apr/2023:05:31:19 -0400] "GET https://www.dalloz.fr:443/api/session/tick?_=1682760679072 HTTP/1.1" 200 0
86.229.35.38 - EMH4zMWRQuWw7A7 [29/Apr/2023:05:31:22 -0400] "GET https://www.dalloz.fr:443/api/session/tick?_=1682760681984 HTTP/1.1" 200 0
90.73.144.164 - NYa6BAYw8I3ICFL [29/Apr/2023:05:32:01 -0400] "GET https://www.dalloz.fr:443/api/session/tick?_=1682760720902 HTTP/1.1" 200 0
86.211.80.145 - w240z0nQdkn9N83 [29/Apr/2023:05:32:15 -0400] "GET https://www.labase-lextenso.fr:443/sites/lextenso/themes/lextenso/favicon_apple_touch.png HTTP/1.1" 200 2526
86.229.35.38 - EMH4zMWRQuWw7A7 [29/Apr/2023:05:32:22 -0400] "GET https://www.dalloz.fr:443/api/session/tick?_=1682760741995 HTTP/1.1" 200 0
86.211.80.145 - w240z0nQdkn9N83 [29/Apr/2023:05:32:28 -0400] "GET https://www.labase-lextenso.fr:443/lessentiel-droit-de-la-distribution-et-de-la-concurrence/DDC201i1 HTTP/1.1" 200 101742
86.211.80.145 - w240z0nQdkn9N83 [29/Apr/2023:05:32:29 -0400] "GET https://www.labase-lextenso.fr:443/lab/img/2/300x1/revue/DDC-2023-02.jpg?644cb2982c089 HTTP/1.1" 302 750
185.241.208.118 - - [29/Apr/2023:05:32:35 -0400] "GET http://udcpp.idm.oclc.org:8080/.env HTTP/1.1" 302 0
185.241.208.118 - - [29/Apr/2023:05:32:35 -0400] "POST http://udcpp.idm.oclc.org:8080/ HTTP/1.1" 302 0
185.241.208.118 - - [29/Apr/2023:05:32:35 -0400] "GET https://udcpp.idm.oclc.org:8443/.env HTTP/1.1" 302 0
185.241.208.118 - - [29/Apr/2023:05:32:36 -0400] "POST https://udcpp.idm.oclc.org:8443/ HTTP/1.1" 302 0
90.73.144.164 - NYa6BAYw8I3ICFL [29/Apr/2023:05:32:49 -0400] "GET https://www.dalloz.fr:443/api/session/tick?_=1682760769311 HTTP/1.1" 200 0
90.73.144.164 - NYa6BAYw8I3ICFL [29/Apr/2023:05:33:01 -0400] "GET https://www.dalloz.fr:443/api/session/tick?_=1682760780934 HTTP/1.1" 200 0
90.73.144.164 - NYa6BAYw8I3ICFL [29/Apr/2023:05:33:05 -0400] "GET https://www.dalloz.fr:443/api/session/tick?_=1682760785009 HTTP/1.1" 200 0
86.211.80.145 - w240z0nQdkn9N83 [29/Apr/2023:05:33:07 -0400] "GET https://www.labase-lextenso.fr:443/sites/lextenso/themes/lextenso/favicon_apple_touch.png HTTP/1.1" 200 372
86.211.80.145 - w240z0nQdkn9N83 [29/Apr/2023:05:33:07 -0400] "GET https://www.labase-lextenso.fr:443/sites/lextenso/themes/lextenso/favicon_apple_touch.png HTTP/1.1" 200 2528
86.211.80.145 - w240z0nQdkn9N83 [29/Apr/2023:05:33:20 -0400] "GET https://www.labase-lextenso.fr:443/lessentiel-droit-de-la-distribution-et-de-la-concurrence/DDC201j3 HTTP/1.1" 200 102938
86.211.80.145 - w240z0nQdkn9N83 [29/Apr/2023:05:33:20 -0400] "GET https://www.labase-lextenso.fr:443/lab/img/2/300x1/revue/DDC-2023-02.jpg?644cb2982c089 HTTP/1.1" 302 759
86.229.35.38 - EMH4zMWRQuWw7A7 [29/Apr/2023:05:33:22 -0400] "GET https://www.dalloz.fr:443/api/session/tick?_=1682760801998 HTTP/1.1" 200 0
86.211.80.145 - w240z0nQdkn9N83 [29/Apr/2023:05:33:28 -0400] "GET https://www.labase-lextenso.fr:443/sites/lextenso/themes/lextenso/favicon_apple_touch.png HTTP/1.1" 200 378
86.211.80.145 - w240z0nQdkn9N83 [29/Apr/2023:05:33:32 -0400] "GET https://www.labase-lextenso.fr:443/revue/DDC/2023/01 HTTP/1.1" 200 108388
86.211.80.145 - w240z0nQdkn9N83 [29/Apr/2023:05:33:32 -0400] "GET https://www.labase-lextenso.fr:443/lab/img/2/300x1/revue/DDC-2023-01.jpg?644cb2982c089 HTTP/1.1" 302 750
193.240.184.99 - - [29/Apr/2023:05:33:32 -0400] "GET https://udcpp.idm.oclc.org:8443/public/admin.htm HTTP/1.1" 200 0
86.211.80.145 - w240z0nQdkn9N83 [29/Apr/2023:05:33:33 -0400] "GET https://www.labase-lextenso.fr:443/lab/img/get_image.php?size=300x1&type=revue&img=DDC-2023-01.jpg HTTP/1.1" 200 31014
86.211.80.145 - w240z0nQdkn9N83 [29/Apr/2023:05:34:01 -0400] "GET https://www.labase-lextenso.fr:443/revue/DDC/2022/11 HTTP/1.1" 200 108287
86.211.80.145 - w240z0nQdkn9N83 [29/Apr/2023:05:34:02 -0400] "GET https://www.labase-lextenso.fr:443/lab/img/2/300x1/revue/DDC-2022-11.jpg?644cb2982c089 HTTP/1.1" 302 750
86.211.80.145 - w240z0nQdkn9N83 [29/Apr/2023:05:34:02 -0400] "GET https://www.labase-lextenso.fr:443/lab/img/get_image.php?size=300x1&type=revue&img=DDC-2022-11.jpg HTTP/1.1" 200 30703
90.73.144.164 - NYa6BAYw8I3ICFL [29/Apr/2023:05:34:09 -0400] "GET https://www.dalloz.fr:443/api/session/tick?_=1682760849016 HTTP/1.1" 200 0
86.211.80.145 - w240z0nQdkn9N83 [29/Apr/2023:05:34:20 -0400] "GET https://www.labase-lextenso.fr:443/revue/DDC/2022/10 HTTP/1.1" 200 108669
86.211.80.145 - w240z0nQdkn9N83 [29/Apr/2023:05:34:20 -0400] "GET https://www.labase-lextenso.fr:443/lab/img/2/300x1/revue/DDC-2022-10.jpg?644cb2982c089 HTTP/1.1" 302 750
86.211.80.145 - w240z0nQdkn9N83 [29/Apr/2023:05:34:21 -0400] "GET https://www.labase-lextenso.fr:443/lab/img/get_image.php?size=300x1&type=revue&img=DDC-2022-10.jpg HTTP/1.1" 200 31546
86.229.35.38 - EMH4zMWRQuWw7A7 [29/Apr/2023:05:34:22 -0400] "GET https://www.dalloz.fr:443/api/session/tick?_=1682760861996 HTTP/1.1" 200 0
86.211.80.145 - w240z0nQdkn9N83 [29/Apr/2023:05:34:44 -0400] "GET https://www.labase-lextenso.fr:443/lessentiel-droit-de-la-distribution-et-de-la-concurrence/DDC201d0 HTTP/1.1" 200 102897
86.211.80.145 - w240z0nQdkn9N83 [29/Apr/2023:05:34:45 -0400] "GET https://www.labase-lextenso.fr:443/lab/img/2/300x1/revue/DDC-2022-10.jpg?644cb2982c089 HTTP/1.1" 302 750
90.73.144.164 - NYa6BAYw8I3ICFL [29/Apr/2023:05:35:02 -0400] "GET https://www.dalloz.fr:443/api/session/tick?_=1682760901872 HTTP/1.1" 200 0
90.73.144.164 - NYa6BAYw8I3ICFL [29/Apr/2023:05:35:09 -0400] "GET https://www.dalloz.fr:443/api/session/tick?_=1682760909522 HTTP/1.1" 200 0
86.229.35.38 - EMH4zMWRQuWw7A7 [29/Apr/2023:05:35:22 -0400] "GET https://www.dalloz.fr:443/api/session/tick?_=1682760921990 HTTP/1.1" 200 0
86.211.80.145 - w240z0nQdkn9N83 [29/Apr/2023:05:35:29 -0400] "GET https://www.labase-lextenso.fr:443/revue/DDC/2022/09 HTTP/1.1" 200 108755
86.211.80.145 - w240z0nQdkn9N83 [29/Apr/2023:05:35:29 -0400] "GET https://www.labase-lextenso.fr:443/lab/img/2/300x1/revue/DDC-2022-09.jpg?644cb2982c089 HTTP/1.1" 302 750
86.211.80.145 - w240z0nQdkn9N83 [29/Apr/2023:05:35:30 -0400] "GET https://www.labase-lextenso.fr:443/lab/img/get_image.php?size=300x1&type=revue&img=DDC-2022-09.jpg HTTP/1.1" 200 30006
193.48.28.18 - - [29/Apr/2023:05:35:43 -0400] "POST https://udcpp.idm.oclc.org:8443/login?qurl=ezp.2aHR0cHM6Ly9ub3V2ZWF1LmV1cm9wcmVzc2UuY29tL2FjY2Vzcy9pcC9kZWZhdWx0LmFzcHg.dW49Q09SVEVUXzE- HTTP/1.1" 200 0
86.211.80.145 - w240z0nQdkn9N83 [29/Apr/2023:05:36:06 -0400] "GET https://www.labase-lextenso.fr:443/lessentiel-droit-de-la-distribution-et-de-la-concurrence/DDC201c1 HTTP/1.1" 200 102372
90.73.144.164 - NYa6BAYw8I3ICFL [29/Apr/2023:05:36:10 -0400] "GET https://www.dalloz.fr:443/api/session/tick?_=1682760969514 HTTP/1.1" 200 0
86.211.80.145 - w240z0nQdkn9N83 [29/Apr/2023:05:36:20 -0400] "GET https://www.labase-lextenso.fr:443/ HTTP/1.1" 200 142520
86.211.80.145 - w240z0nQdkn9N83 [29/Apr/2023:05:36:21 -0400] "GET https://www.labase-lextenso.fr:443/lab/img/2/300x1/revue/DBA-2023-04.jpg?644cb2982c089 HTTP/1.1" 302 759
86.211.80.145 - w240z0nQdkn9N83 [29/Apr/2023:05:36:21 -0400] "GET https://www.labase-lextenso.fr:443/lab/img/2/300x1/revue/GPL-2023-14.jpg?644cb2982c089 HTTP/1.1" 302 753
86.211.80.145 - w240z0nQdkn9N83 [29/Apr/2023:05:36:21 -0400] "GET https://www.labase-lextenso.fr:443/lab/img/2/300x1/revue/DFF-2023-17.jpg?644cb2982c089 HTTP/1.1" 302 750
86.211.80.145 - w240z0nQdkn9N83 [29/Apr/2023:05:36:21 -0400] "GET https://www.labase-lextenso.fr:443/lab/img/2/300x1/revue/DCO-2023-04.jpg?644cb2982c089 HTTP/1.1" 302 753
86.211.80.145 - w240z0nQdkn9N83 [29/Apr/2023:05:36:21 -0400] "GET https://www.labase-lextenso.fr:443/lab/img/2/300x1/revue/DDC-2023-04.jpg?644cb2982c089 HTTP/1.1" 302 750
86.211.80.145 - w240z0nQdkn9N83 [29/Apr/2023:05:36:21 -0400] "GET https://www.labase-lextenso.fr:443/lab/img/2/300x1/revue/BJB-2023-02.jpg?644cb2982c089 HTTP/1.1" 302 750
86.211.80.145 - w240z0nQdkn9N83 [29/Apr/2023:05:36:21 -0400] "GET https://www.lextenso.fr:443/lab/img/img_generiques/couverture/NCCC.png?644cb2982c089 HTTP/1.1" 301 652
86.211.80.145 - w240z0nQdkn9N83 [29/Apr/2023:05:36:21 -0400] "GET https://www.lextenso.fr:443/lab/img/2/300x1/revue/CSB-2018-309.jpg?644cb2982c089 HTTP/1.1" 301 648
86.229.35.38 - EMH4zMWRQuWw7A7 [29/Apr/2023:05:36:24 -0400] "GET https://www.dalloz.fr:443/api/session/tick?_=1682760983987 HTTP/1.1" 200 0
86.211.80.145 - w240z0nQdkn9N83 [29/Apr/2023:05:36:24 -0400] "GET https://www.labase-lextenso.fr:443/documents/toutes-mes-revues HTTP/1.1" 200 124235
86.211.80.145 - w240z0nQdkn9N83 [29/Apr/2023:05:36:31 -0400] "GET https://www.labase-lextenso.fr:443/revue/GPL/avant-premiere HTTP/1.1" 200 97533
86.211.80.145 - w240z0nQdkn9N83 [29/Apr/2023:05:36:31 -0400] "GET https://www.labase-lextenso.fr:443/sites/lextenso/modules/custom/lextenso_documents/images/magazine_preview_thumbnails/GPL_preview.jpg?644cb2982c089 HTTP/1.1" 200 24726
90.73.144.164 - NYa6BAYw8I3ICFL [29/Apr/2023:05:36:35 -0400] "GET https://www.dalloz.fr:443/api/session/tick?_=1682760994972 HTTP/1.1" 200 0
86.211.80.145 - w240z0nQdkn9N83 [29/Apr/2023:05:36:35 -0400] "GET https://www.labase-lextenso.fr:443/gazette-du-palais/GPL448d6 HTTP/1.1" 200 132137
86.211.80.145 - w240z0nQdkn9N83 [29/Apr/2023:05:36:35 -0400] "GET https://www.labase-lextenso.fr:443/sites/lextenso/themes/lextenso/favicon_apple_touch.png HTTP/1.1" 200 2527
86.211.80.145 - w240z0nQdkn9N83 [29/Apr/2023:05:37:09 -0400] "GET https://www.labase-lextenso.fr:443/revue/GPL/2023/14 HTTP/1.1" 200 146751
86.211.80.145 - w240z0nQdkn9N83 [29/Apr/2023:05:37:09 -0400] "GET https://www.labase-lextenso.fr:443/lab/img/2/300x1/revue/GPL-2023-14.jpg?644cb2982c089 HTTP/1.1" 302 753
90.73.144.164 - NYa6BAYw8I3ICFL [29/Apr/2023:05:37:18 -0400] "GET https://www.dalloz.fr:443/api/session/tick?_=1682761038488 HTTP/1.1" 200 0
176.141.181.91 - - [29/Apr/2023:05:37:27 -0400] "GET https://udcpp.idm.oclc.org:8443/login?qurl=https://scifinder-n.cas.org%2f HTTP/1.1" 302 0
